2026-08-27 08:49:51.108: [INFO] CurrentProfilePath: C:\Users\karan Chauhan\OneDrive\Desktop\eclipse-workspace\DSA_Programming\.metadata\.plugins\org.eclipse.swt\EBWebView\Default
2026-08-27 08:49:51.108: [INFO] Profiles total count: 1
2026-08-27 08:49:51.108: [INFO] Profile: name=Profile 1 path=C:\Users\karan Chauhan\OneDrive\Desktop\eclipse-workspace\DSA_Programming\.metadata\.plugins\org.eclipse.swt\EBWebView\Default lastActive=null
2026-08-27 08:49:51.108: [INFO] LastUsedProfileDir: C:\Users\karan Chauhan\OneDrive\Desktop\eclipse-workspace\DSA_Programming\.metadata\.plugins\org.eclipse.swt\EBWebView\Default
2026-08-27 08:49:51.108: [INFO] OnDoneLoading sync enabled: 0
2026-08-27 08:49:51.108: [INFO] BookmarkModelLoaded, ids_reassigned: 0
2026-08-27 08:49:51.108: [INFO] BookmarksLoadDropped droppedNodes=0
2026-08-27 08:49:51.108: [INFO] BookmarksSnapshot Startup total=0 bar=0 other=0 mobile=0 showBar=0 showBarNTP=1
2026-08-27 08:49:56.820: [INFO] BookmarksSnapshot Shutdown total=0 bar=0 other=0 mobile=0 showBar=0 showBarNTP=1
2026-08-27 08:50:03.395: [INFO] CurrentProfilePath: C:\Users\karan Chauhan\OneDrive\Desktop\eclipse-workspace\DSA_Programming\.metadata\.plugins\org.eclipse.swt\EBWebView\Default
2026-08-27 08:50:03.395: [INFO] Profiles total count: 1
2026-08-27 08:50:03.395: [INFO] Profile: name=Profile 1 path=C:\Users\karan Chauhan\OneDrive\Desktop\eclipse-workspace\DSA_Programming\.metadata\.plugins\org.eclipse.swt\EBWebView\Default lastActive=2026-08-27T08:49:51.630Z
2026-08-27 08:50:03.395: [INFO] LastUsedProfileDir: C:\Users\karan Chauhan\OneDrive\Desktop\eclipse-workspace\DSA_Programming\.metadata\.plugins\org.eclipse.swt\EBWebView\Default
2026-08-27 08:50:03.395: [INFO] MostRecentlyActiveProfile: name=Profile 1 path=C:\Users\karan Chauhan\OneDrive\Desktop\eclipse-workspace\DSA_Programming\.metadata\.plugins\org.eclipse.swt\EBWebView\Default lastActive=2026-08-27T08:49:51.630Z
2026-08-27 08:50:03.395: [INFO] OnDoneLoading sync enabled: 0
2026-08-27 08:50:03.395: [INFO] BookmarkModelLoaded, ids_reassigned: 0
2026-08-27 08:50:03.395: [INFO] BookmarksLoadDropped droppedNodes=0
2026-08-27 08:50:03.395: [INFO] BookmarksSnapshot Startup total=0 bar=0 other=0 mobile=0 showBar=0 showBarNTP=1
2026-08-27 11:14:38.528: [INFO] BookmarksSnapshot Shutdown total=0 bar=0 other=0 mobile=0 showBar=0 showBarNTP=1
2026-08-28 08:29:40.679: [INFO] CurrentProfilePath: C:\Users\karan Chauhan\OneDrive\Desktop\eclipse-workspace\DSA_Programming\.metadata\.plugins\org.eclipse.swt\EBWebView\Default
2026-08-28 08:29:40.679: [INFO] Profiles total count: 1
2026-08-28 08:29:40.680: [INFO] Profile: name=Profile 1 path=C:\Users\karan Chauhan\OneDrive\Desktop\eclipse-workspace\DSA_Programming\.metadata\.plugins\org.eclipse.swt\EBWebView\Default lastActive=2026-08-27T08:59:12.268Z
2026-08-28 08:29:40.680: [INFO] LastUsedProfileDir: C:\Users\karan Chauhan\OneDrive\Desktop\eclipse-workspace\DSA_Programming\.metadata\.plugins\org.eclipse.swt\EBWebView\Default
2026-08-28 08:29:40.680: [INFO] MostRecentlyActiveProfile: name=Profile 1 path=C:\Users\karan Chauhan\OneDrive\Desktop\eclipse-workspace\DSA_Programming\.metadata\.plugins\org.eclipse.swt\EBWebView\Default lastActive=2026-08-27T08:59:12.268Z
2026-08-28 08:29:40.680: [INFO] OnDoneLoading sync enabled: 0
2026-08-28 08:29:40.680: [INFO] BookmarkModelLoaded, ids_reassigned: 0
2026-08-28 08:29:40.680: [INFO] BookmarksLoadDropped droppedNodes=0
2026-08-28 08:29:40.680: [INFO] BookmarksSnapshot Startup total=0 bar=0 other=0 mobile=0 showBar=0 showBarNTP=1
2026-08-28 10:20:07.350: [INFO] BookmarksSnapshot Shutdown total=0 bar=0 other=0 mobile=0 showBar=0 showBarNTP=1
2026-08-30 15:15:10.146: [INFO] CurrentProfilePath: C:\Users\karan Chauhan\OneDrive\Desktop\eclipse-workspace\DSA_Programming\.metadata\.plugins\org.eclipse.swt\EBWebView\Default
2026-08-30 15:15:10.146: [INFO] Profiles total count: 1
2026-08-30 15:15:10.147: [INFO] Profile: name=Profile 1 path=C:\Users\karan Chauhan\OneDrive\Desktop\eclipse-workspace\DSA_Programming\.metadata\.plugins\org.eclipse.swt\EBWebView\Default lastActive=2026-08-28T09:03:24.486Z
2026-08-30 15:15:10.147: [INFO] LastUsedProfileDir: C:\Users\karan Chauhan\OneDrive\Desktop\eclipse-workspace\DSA_Programming\.metadata\.plugins\org.eclipse.swt\EBWebView\Default
2026-08-30 15:15:10.147: [INFO] MostRecentlyActiveProfile: name=Profile 1 path=C:\Users\karan Chauhan\OneDrive\Desktop\eclipse-workspace\DSA_Programming\.metadata\.plugins\org.eclipse.swt\EBWebView\Default lastActive=2026-08-28T09:03:24.486Z
2026-08-30 15:15:10.147: [INFO] OnDoneLoading sync enabled: 0
2026-08-30 15:15:10.147: [INFO] BookmarkModelLoaded, ids_reassigned: 0
2026-08-30 15:15:10.147: [INFO] BookmarksLoadDropped droppedNodes=0
2026-08-30 15:15:10.147: [INFO] BookmarksSnapshot Startup total=0 bar=0 other=0 mobile=0 showBar=0 showBarNTP=1
2026-08-30 15:15:14.979: [INFO] BookmarksSnapshot Shutdown total=0 bar=0 other=0 mobile=0 showBar=0 showBarNTP=1
2026-08-30 15:23:26.185: [INFO] CurrentProfilePath: C:\Users\karan Chauhan\OneDrive\Desktop\eclipse-workspace\DSA_Programming\.metadata\.plugins\org.eclipse.swt\EBWebView\Default
2026-08-30 15:23:26.185: [INFO] Profiles total count: 1
2026-08-30 15:23:26.185: [INFO] Profile: name=Profile 1 path=C:\Users\karan Chauhan\OneDrive\Desktop\eclipse-workspace\DSA_Programming\.metadata\.plugins\org.eclipse.swt\EBWebView\Default lastActive=2026-08-30T15:15:14.646Z
2026-08-30 15:23:26.185: [INFO] LastUsedProfileDir: C:\Users\karan Chauhan\OneDrive\Desktop\eclipse-workspace\DSA_Programming\.metadata\.plugins\org.eclipse.swt\EBWebView\Default
2026-08-30 15:23:26.185: [INFO] MostRecentlyActiveProfile: name=Profile 1 path=C:\Users\karan Chauhan\OneDrive\Desktop\eclipse-workspace\DSA_Programming\.metadata\.plugins\org.eclipse.swt\EBWebView\Default lastActive=2026-08-30T15:15:14.646Z
2026-08-30 15:23:26.185: [INFO] OnDoneLoading sync enabled: 0
2026-08-30 15:23:26.185: [INFO] BookmarkModelLoaded, ids_reassigned: 0
2026-08-30 15:23:26.185: [INFO] BookmarksLoadDropped droppedNodes=0
2026-08-30 15:23:26.185: [INFO] BookmarksSnapshot Startup total=0 bar=0 other=0 mobile=0 showBar=0 showBarNTP=1
2026-08-30 15:23:53.234: [INFO] BookmarksSnapshot Shutdown total=0 bar=0 other=0 mobile=0 showBar=0 showBarNTP=1
2026-08-30 15:29:37.695: [INFO] CurrentProfilePath: C:\Users\karan Chauhan\OneDrive\Desktop\eclipse-workspace\DSA_Programming\.metadata\.plugins\org.eclipse.swt\EBWebView\Default
2026-08-30 15:29:37.695: [INFO] Profiles total count: 1
2026-08-30 15:29:37.695: [INFO] Profile: name=Profile 1 path=C:\Users\karan Chauhan\OneDrive\Desktop\eclipse-workspace\DSA_Programming\.metadata\.plugins\org.eclipse.swt\EBWebView\Default lastActive=2026-08-30T15:15:14.646Z
2026-08-30 15:29:37.695: [INFO] LastUsedProfileDir: C:\Users\karan Chauhan\OneDrive\Desktop\eclipse-workspace\DSA_Programming\.metadata\.plugins\org.eclipse.swt\EBWebView\Default
2026-08-30 15:29:37.695: [INFO] MostRecentlyActiveProfile: name=Profile 1 path=C:\Users\karan Chauhan\OneDrive\Desktop\eclipse-workspace\DSA_Programming\.metadata\.plugins\org.eclipse.swt\EBWebView\Default lastActive=2026-08-30T15:15:14.646Z
2026-08-30 15:29:37.695: [INFO] OnDoneLoading sync enabled: 0
2026-08-30 15:29:37.695: [INFO] BookmarkModelLoaded, ids_reassigned: 0
2026-08-30 15:29:37.695: [INFO] BookmarksLoadDropped droppedNodes=0
2026-08-30 15:29:37.695: [INFO] BookmarksSnapshot Startup total=0 bar=0 other=0 mobile=0 showBar=0 showBarNTP=1
2026-08-30 15:29:43.782: [INFO] BookmarksSnapshot Shutdown total=0 bar=0 other=0 mobile=0 showBar=0 showBarNTP=1
2026-08-30 15:29:53.003: [INFO] CurrentProfilePath: C:\Users\karan Chauhan\OneDrive\Desktop\eclipse-workspace\DSA_Programming\.metadata\.plugins\org.eclipse.swt\EBWebView\Default
2026-08-30 15:29:53.003: [INFO] Profiles total count: 1
2026-08-30 15:29:53.003: [INFO] Profile: name=Profile 1 path=C:\Users\karan Chauhan\OneDrive\Desktop\eclipse-workspace\DSA_Programming\.metadata\.plugins\org.eclipse.swt\EBWebView\Default lastActive=2026-08-30T15:15:14.646Z
2026-08-30 15:29:53.003: [INFO] LastUsedProfileDir: C:\Users\karan Chauhan\OneDrive\Desktop\eclipse-workspace\DSA_Programming\.metadata\.plugins\org.eclipse.swt\EBWebView\Default
2026-08-30 15:29:53.003: [INFO] MostRecentlyActiveProfile: name=Profile 1 path=C:\Users\karan Chauhan\OneDrive\Desktop\eclipse-workspace\DSA_Programming\.metadata\.plugins\org.eclipse.swt\EBWebView\Default lastActive=2026-08-30T15:15:14.646Z
2026-08-30 15:29:53.003: [INFO] OnDoneLoading sync enabled: 0
2026-08-30 15:29:53.003: [INFO] BookmarkModelLoaded, ids_reassigned: 0
2026-08-30 15:29:53.003: [INFO] BookmarksLoadDropped droppedNodes=0
2026-08-30 15:29:53.003: [INFO] BookmarksSnapshot Startup total=0 bar=0 other=0 mobile=0 showBar=0 showBarNTP=1
2026-08-30 15:30:03.463: [INFO] BookmarksSnapshot Shutdown total=0 bar=0 other=0 mobile=0 showBar=0 showBarNTP=1
2026-08-30 15:33:45.241: [INFO] CurrentProfilePath: C:\Users\karan Chauhan\OneDrive\Desktop\eclipse-workspace\DSA_Programming\.metadata\.plugins\org.eclipse.swt\EBWebView\Default
2026-08-30 15:33:45.241: [INFO] Profiles total count: 1
2026-08-30 15:33:45.241: [INFO] Profile: name=Profile 1 path=C:\Users\karan Chauhan\OneDrive\Desktop\eclipse-workspace\DSA_Programming\.metadata\.plugins\org.eclipse.swt\EBWebView\Default lastActive=2026-08-30T15:15:14.646Z
2026-08-30 15:33:45.241: [INFO] LastUsedProfileDir: C:\Users\karan Chauhan\OneDrive\Desktop\eclipse-workspace\DSA_Programming\.metadata\.plugins\org.eclipse.swt\EBWebView\Default
2026-08-30 15:33:45.241: [INFO] MostRecentlyActiveProfile: name=Profile 1 path=C:\Users\karan Chauhan\OneDrive\Desktop\eclipse-workspace\DSA_Programming\.metadata\.plugins\org.eclipse.swt\EBWebView\Default lastActive=2026-08-30T15:15:14.646Z
2026-08-30 15:33:45.241: [INFO] OnDoneLoading sync enabled: 0
2026-08-30 15:33:45.241: [INFO] BookmarkModelLoaded, ids_reassigned: 0
2026-08-30 15:33:45.241: [INFO] BookmarksLoadDropped droppedNodes=0
2026-08-30 15:33:45.241: [INFO] BookmarksSnapshot Startup total=0 bar=0 other=0 mobile=0 showBar=0 showBarNTP=1
2026-08-30 17:19:44.623: [INFO] BookmarksSnapshot Shutdown total=0 bar=0 other=0 mobile=0 showBar=0 showBarNTP=1
2026-08-31 08:44:04.605: [INFO] CurrentProfilePath: C:\Users\karan Chauhan\OneDrive\Desktop\eclipse-workspace\DSA_Programming\.metadata\.plugins\org.eclipse.swt\EBWebView\Default
2026-08-31 08:44:04.605: [INFO] Profiles total count: 1
2026-08-31 08:44:04.606: [INFO] Profile: name=Profile 1 path=C:\Users\karan Chauhan\OneDrive\Desktop\eclipse-workspace\DSA_Programming\.metadata\.plugins\org.eclipse.swt\EBWebView\Default lastActive=2026-08-30T15:15:14.646Z
2026-08-31 08:44:04.606: [INFO] LastUsedProfileDir: C:\Users\karan Chauhan\OneDrive\Desktop\eclipse-workspace\DSA_Programming\.metadata\.plugins\org.eclipse.swt\EBWebView\Default
2026-08-31 08:44:04.606: [INFO] MostRecentlyActiveProfile: name=Profile 1 path=C:\Users\karan Chauhan\OneDrive\Desktop\eclipse-workspace\DSA_Programming\.metadata\.plugins\org.eclipse.swt\EBWebView\Default lastActive=2026-08-30T15:15:14.646Z
2026-08-31 08:44:04.606: [INFO] OnDoneLoading sync enabled: 0
2026-08-31 08:44:04.606: [INFO] BookmarkModelLoaded, ids_reassigned: 0
2026-08-31 08:44:04.606: [INFO] BookmarksLoadDropped droppedNodes=0
2026-08-31 08:44:04.606: [INFO] BookmarksSnapshot Startup total=0 bar=0 other=0 mobile=0 showBar=0 showBarNTP=1
2026-08-31 09:19:05.363: [INFO] BookmarksSnapshot Shutdown total=0 bar=0 other=0 mobile=0 showBar=0 showBarNTP=1
2026-08-31 09:34:27.898: [INFO] CurrentProfilePath: C:\Users\karan Chauhan\OneDrive\Desktop\eclipse-workspace\DSA_Programming\.metadata\.plugins\org.eclipse.swt\EBWebView\Default
2026-08-31 09:34:27.898: [INFO] Profiles total count: 1
2026-08-31 09:34:27.899: [INFO] Profile: name=Profile 1 path=C:\Users\karan Chauhan\OneDrive\Desktop\eclipse-workspace\DSA_Programming\.metadata\.plugins\org.eclipse.swt\EBWebView\Default lastActive=2026-08-30T15:15:14.646Z
2026-08-31 09:34:27.899: [INFO] LastUsedProfileDir: C:\Users\karan Chauhan\OneDrive\Desktop\eclipse-workspace\DSA_Programming\.metadata\.plugins\org.eclipse.swt\EBWebView\Default
2026-08-31 09:34:27.899: [INFO] MostRecentlyActiveProfile: name=Profile 1 path=C:\Users\karan Chauhan\OneDrive\Desktop\eclipse-workspace\DSA_Programming\.metadata\.plugins\org.eclipse.swt\EBWebView\Default lastActive=2026-08-30T15:15:14.646Z
2026-08-31 09:34:27.899: [INFO] OnDoneLoading sync enabled: 0
2026-08-31 09:34:27.899: [INFO] BookmarkModelLoaded, ids_reassigned: 0
2026-08-31 09:34:27.899: [INFO] BookmarksLoadDropped droppedNodes=0
2026-08-31 09:34:27.899: [INFO] BookmarksSnapshot Startup total=0 bar=0 other=0 mobile=0 showBar=0 showBarNTP=1
2026-08-31 10:21:18.091: [INFO] BookmarksSnapshot Shutdown total=0 bar=0 other=0 mobile=0 showBar=0 showBarNTP=1
2026-08-31 17:36:09.903: [INFO] CurrentProfilePath: C:\Users\karan Chauhan\OneDrive\Desktop\eclipse-workspace\DSA_Programming\.metadata\.plugins\org.eclipse.swt\EBWebView\Default
2026-08-31 17:36:09.903: [INFO] Profiles total count: 1
2026-08-31 17:36:09.904: [INFO] Profile: name=Profile 1 path=C:\Users\karan Chauhan\OneDrive\Desktop\eclipse-workspace\DSA_Programming\.metadata\.plugins\org.eclipse.swt\EBWebView\Default lastActive=2026-08-30T15:15:14.646Z
2026-08-31 17:36:09.904: [INFO] LastUsedProfileDir: C:\Users\karan Chauhan\OneDrive\Desktop\eclipse-workspace\DSA_Programming\.metadata\.plugins\org.eclipse.swt\EBWebView\Default
2026-08-31 17:36:09.904: [INFO] MostRecentlyActiveProfile: name=Profile 1 path=C:\Users\karan Chauhan\OneDrive\Desktop\eclipse-workspace\DSA_Programming\.metadata\.plugins\org.eclipse.swt\EBWebView\Default lastActive=2026-08-30T15:15:14.646Z
2026-08-31 17:36:09.904: [INFO] OnDoneLoading sync enabled: 0
2026-08-31 17:36:09.904: [INFO] BookmarkModelLoaded, ids_reassigned: 0
2026-08-31 17:36:09.904: [INFO] BookmarksLoadDropped droppedNodes=0
2026-08-31 17:36:09.904: [INFO] BookmarksSnapshot Startup total=0 bar=0 other=0 mobile=0 showBar=0 showBarNTP=1
2026-08-31 17:42:26.633: [INFO] BookmarksSnapshot Shutdown total=0 bar=0 other=0 mobile=0 showBar=0 showBarNTP=1
2026-09-01 08:43:54.565: [INFO] CurrentProfilePath: C:\Users\karan Chauhan\OneDrive\Desktop\eclipse-workspace\DSA_Programming\.metadata\.plugins\org.eclipse.swt\EBWebView\Default
2026-09-01 08:43:54.565: [INFO] Profiles total count: 1
2026-09-01 08:43:54.566: [INFO] Profile: name=Profile 1 path=C:\Users\karan Chauhan\OneDrive\Desktop\eclipse-workspace\DSA_Programming\.metadata\.plugins\org.eclipse.swt\EBWebView\Default lastActive=2026-08-30T15:15:14.646Z
2026-09-01 08:43:54.566: [INFO] LastUsedProfileDir: C:\Users\karan Chauhan\OneDrive\Desktop\eclipse-workspace\DSA_Programming\.metadata\.plugins\org.eclipse.swt\EBWebView\Default
2026-09-01 08:43:54.566: [INFO] MostRecentlyActiveProfile: name=Profile 1 path=C:\Users\karan Chauhan\OneDrive\Desktop\eclipse-workspace\DSA_Programming\.metadata\.plugins\org.eclipse.swt\EBWebView\Default lastActive=2026-08-30T15:15:14.646Z
2026-09-01 08:43:54.566: [INFO] OnDoneLoading sync enabled: 0
2026-09-01 08:43:54.566: [INFO] BookmarkModelLoaded, ids_reassigned: 0
2026-09-01 08:43:54.566: [INFO] BookmarksLoadDropped droppedNodes=0
2026-09-01 08:43:54.566: [INFO] BookmarksSnapshot Startup total=0 bar=0 other=0 mobile=0 showBar=0 showBarNTP=1
2026-09-01 12:22:46.485: [INFO] BookmarksSnapshot Shutdown total=0 bar=0 other=0 mobile=0 showBar=0 showBarNTP=1
2026-09-01 16:57:33.023: [INFO] CurrentProfilePath: C:\Users\karan Chauhan\OneDrive\Desktop\eclipse-workspace\DSA_Programming\.metadata\.plugins\org.eclipse.swt\EBWebView\Default
2026-09-01 16:57:33.023: [INFO] Profiles total count: 1
2026-09-01 16:57:33.024: [INFO] Profile: name=Profile 1 path=C:\Users\karan Chauhan\OneDrive\Desktop\eclipse-workspace\DSA_Programming\.metadata\.plugins\org.eclipse.swt\EBWebView\Default lastActive=2026-08-30T15:15:14.646Z
2026-09-01 16:57:33.024: [INFO] LastUsedProfileDir: C:\Users\karan Chauhan\OneDrive\Desktop\eclipse-workspace\DSA_Programming\.metadata\.plugins\org.eclipse.swt\EBWebView\Default
2026-09-01 16:57:33.024: [INFO] MostRecentlyActiveProfile: name=Profile 1 path=C:\Users\karan Chauhan\OneDrive\Desktop\eclipse-workspace\DSA_Programming\.metadata\.plugins\org.eclipse.swt\EBWebView\Default lastActive=2026-08-30T15:15:14.646Z
2026-09-01 16:57:33.024: [INFO] OnDoneLoading sync enabled: 0
2026-09-01 16:57:33.024: [INFO] BookmarkModelLoaded, ids_reassigned: 0
2026-09-01 16:57:33.024: [INFO] BookmarksLoadDropped droppedNodes=0
2026-09-01 16:57:33.024: [INFO] BookmarksSnapshot Startup total=0 bar=0 other=0 mobile=0 showBar=0 showBarNTP=1
2026-09-01 16:57:37.206: [INFO] BookmarksSnapshot Shutdown total=0 bar=0 other=0 mobile=0 showBar=0 showBarNTP=1
2026-09-01 17:01:39.045: [INFO] CurrentProfilePath: C:\Users\karan Chauhan\OneDrive\Desktop\eclipse-workspace\DSA_Programming\.metadata\.plugins\org.eclipse.swt\EBWebView\Default
2026-09-01 17:01:39.045: [INFO] Profiles total count: 1
2026-09-01 17:01:39.045: [INFO] Profile: name=Profile 1 path=C:\Users\karan Chauhan\OneDrive\Desktop\eclipse-workspace\DSA_Programming\.metadata\.plugins\org.eclipse.swt\EBWebView\Default lastActive=2026-09-01T16:57:36.832Z
2026-09-01 17:01:39.045: [INFO] LastUsedProfileDir: C:\Users\karan Chauhan\OneDrive\Desktop\eclipse-workspace\DSA_Programming\.metadata\.plugins\org.eclipse.swt\EBWebView\Default
2026-09-01 17:01:39.045: [INFO] MostRecentlyActiveProfile: name=Profile 1 path=C:\Users\karan Chauhan\OneDrive\Desktop\eclipse-workspace\DSA_Programming\.metadata\.plugins\org.eclipse.swt\EBWebView\Default lastActive=2026-09-01T16:57:36.832Z
2026-09-01 17:01:39.046: [INFO] OnDoneLoading sync enabled: 0
2026-09-01 17:01:39.046: [INFO] BookmarkModelLoaded, ids_reassigned: 0
2026-09-01 17:01:39.046: [INFO] BookmarksLoadDropped droppedNodes=0
2026-09-01 17:01:39.046: [INFO] BookmarksSnapshot Startup total=0 bar=0 other=0 mobile=0 showBar=0 showBarNTP=1
2026-09-01 18:27:12.333: [INFO] BookmarksSnapshot Shutdown total=0 bar=0 other=0 mobile=0 showBar=0 showBarNTP=1
2026-09-02 08:47:21.135: [INFO] CurrentProfilePath: C:\Users\karan Chauhan\OneDrive\Desktop\eclipse-workspace\DSA_Programming\.metadata\.plugins\org.eclipse.swt\EBWebView\Default
2026-09-02 08:47:21.135: [INFO] Profiles total count: 1
2026-09-02 08:47:21.136: [INFO] Profile: name=Profile 1 path=C:\Users\karan Chauhan\OneDrive\Desktop\eclipse-workspace\DSA_Programming\.metadata\.plugins\org.eclipse.swt\EBWebView\Default lastActive=2026-09-01T16:57:36.832Z
2026-09-02 08:47:21.136: [INFO] LastUsedProfileDir: C:\Users\karan Chauhan\OneDrive\Desktop\eclipse-workspace\DSA_Programming\.metadata\.plugins\org.eclipse.swt\EBWebView\Default
2026-09-02 08:47:21.136: [INFO] MostRecentlyActiveProfile: name=Profile 1 path=C:\Users\karan Chauhan\OneDrive\Desktop\eclipse-workspace\DSA_Programming\.metadata\.plugins\org.eclipse.swt\EBWebView\Default lastActive=2026-09-01T16:57:36.832Z
2026-09-02 08:47:21.136: [INFO] OnDoneLoading sync enabled: 0
2026-09-02 08:47:21.136: [INFO] BookmarkModelLoaded, ids_reassigned: 0
2026-09-02 08:47:21.136: [INFO] BookmarksLoadDropped droppedNodes=0
2026-09-02 08:47:21.136: [INFO] BookmarksSnapshot Startup total=0 bar=0 other=0 mobile=0 showBar=0 showBarNTP=1
2026-09-02 10:27:11.124: [INFO] BookmarksSnapshot Shutdown total=0 bar=0 other=0 mobile=0 showBar=0 showBarNTP=1
2026-09-08 09:15:59.440: [INFO] CurrentProfilePath: C:\Users\karan Chauhan\OneDrive\Desktop\eclipse-workspace\DSA_Programming\.metadata\.plugins\org.eclipse.swt\EBWebView\Default
2026-09-08 09:15:59.440: [INFO] Profiles total count: 1
2026-09-08 09:15:59.440: [INFO] Profile: name=Profile 1 path=C:\Users\karan Chauhan\OneDrive\Desktop\eclipse-workspace\DSA_Programming\.metadata\.plugins\org.eclipse.swt\EBWebView\Default lastActive=2026-09-01T16:57:36.832Z
2026-09-08 09:15:59.440: [INFO] LastUsedProfileDir: C:\Users\karan Chauhan\OneDrive\Desktop\eclipse-workspace\DSA_Programming\.metadata\.plugins\org.eclipse.swt\EBWebView\Default
2026-09-08 09:15:59.440: [INFO] MostRecentlyActiveProfile: name=Profile 1 path=C:\Users\karan Chauhan\OneDrive\Desktop\eclipse-workspace\DSA_Programming\.metadata\.plugins\org.eclipse.swt\EBWebView\Default lastActive=2026-09-01T16:57:36.832Z
2026-09-08 09:15:59.440: [INFO] OnDoneLoading sync enabled: 0
2026-09-08 09:15:59.440: [INFO] BookmarkModelLoaded, ids_reassigned: 0
2026-09-08 09:15:59.440: [INFO] BookmarksLoadDropped droppedNodes=0
2026-09-08 09:15:59.440: [INFO] BookmarksSnapshot Startup total=0 bar=0 other=0 mobile=0 showBar=0 showBarNTP=1
2026-09-08 09:16:51.808: [INFO] BookmarksSnapshot Shutdown total=0 bar=0 other=0 mobile=0 showBar=0 showBarNTP=1
2026-09-08 09:58:55.197: [INFO] CurrentProfilePath: C:\Users\karan Chauhan\OneDrive\Desktop\eclipse-workspace\DSA_Programming\.metadata\.plugins\org.eclipse.swt\EBWebView\Default
2026-09-08 09:58:55.197: [INFO] Profiles total count: 1
2026-09-08 09:58:55.197: [INFO] Profile: name=Profile 1 path=C:\Users\karan Chauhan\OneDrive\Desktop\eclipse-workspace\DSA_Programming\.metadata\.plugins\org.eclipse.swt\EBWebView\Default lastActive=2026-09-08T09:16:50.432Z
2026-09-08 09:58:55.197: [INFO] LastUsedProfileDir: C:\Users\karan Chauhan\OneDrive\Desktop\eclipse-workspace\DSA_Programming\.metadata\.plugins\org.eclipse.swt\EBWebView\Default
2026-09-08 09:58:55.197: [INFO] MostRecentlyActiveProfile: name=Profile 1 path=C:\Users\karan Chauhan\OneDrive\Desktop\eclipse-workspace\DSA_Programming\.metadata\.plugins\org.eclipse.swt\EBWebView\Default lastActive=2026-09-08T09:16:50.432Z
2026-09-08 09:58:55.197: [INFO] OnDoneLoading sync enabled: 0
2026-09-08 09:58:55.197: [INFO] BookmarkModelLoaded, ids_reassigned: 0
2026-09-08 09:58:55.197: [INFO] BookmarksLoadDropped droppedNodes=0
2026-09-08 09:58:55.197: [INFO] BookmarksSnapshot Startup total=0 bar=0 other=0 mobile=0 showBar=0 showBarNTP=1
2026-09-08 09:58:57.102: [INFO] BookmarksSnapshot Shutdown total=0 bar=0 other=0 mobile=0 showBar=0 showBarNTP=1
2026-09-08 10:00:40.243: [INFO] CurrentProfilePath: C:\Users\karan Chauhan\OneDrive\Desktop\eclipse-workspace\DSA_Programming\.metadata\.plugins\org.eclipse.swt\EBWebView\Default
2026-09-08 10:00:40.243: [INFO] Profiles total count: 1
2026-09-08 10:00:40.243: [INFO] Profile: name=Profile 1 path=C:\Users\karan Chauhan\OneDrive\Desktop\eclipse-workspace\DSA_Programming\.metadata\.plugins\org.eclipse.swt\EBWebView\Default lastActive=2026-09-08T09:16:50.432Z
2026-09-08 10:00:40.243: [INFO] LastUsedProfileDir: C:\Users\karan Chauhan\OneDrive\Desktop\eclipse-workspace\DSA_Programming\.metadata\.plugins\org.eclipse.swt\EBWebView\Default
2026-09-08 10:00:40.243: [INFO] MostRecentlyActiveProfile: name=Profile 1 path=C:\Users\karan Chauhan\OneDrive\Desktop\eclipse-workspace\DSA_Programming\.metadata\.plugins\org.eclipse.swt\EBWebView\Default lastActive=2026-09-08T09:16:50.432Z
2026-09-08 10:00:40.243: [INFO] OnDoneLoading sync enabled: 0
2026-09-08 10:00:40.243: [INFO] BookmarkModelLoaded, ids_reassigned: 0
2026-09-08 10:00:40.243: [INFO] BookmarksLoadDropped droppedNodes=0
2026-09-08 10:00:40.243: [INFO] BookmarksSnapshot Startup total=0 bar=0 other=0 mobile=0 showBar=0 showBarNTP=1
2026-09-08 10:01:17.663: [INFO] BookmarksSnapshot Shutdown total=0 bar=0 other=0 mobile=0 showBar=0 showBarNTP=1
2026-09-08 10:10:36.341: [INFO] CurrentProfilePath: C:\Users\karan Chauhan\OneDrive\Desktop\eclipse-workspace\DSA_Programming\.metadata\.plugins\org.eclipse.swt\EBWebView\Default
2026-09-08 10:10:36.341: [INFO] Profiles total count: 1
2026-09-08 10:10:36.341: [INFO] Profile: name=Profile 1 path=C:\Users\karan Chauhan\OneDrive\Desktop\eclipse-workspace\DSA_Programming\.metadata\.plugins\org.eclipse.swt\EBWebView\Default lastActive=2026-09-08T09:16:50.432Z
2026-09-08 10:10:36.341: [INFO] LastUsedProfileDir: C:\Users\karan Chauhan\OneDrive\Desktop\eclipse-workspace\DSA_Programming\.metadata\.plugins\org.eclipse.swt\EBWebView\Default
2026-09-08 10:10:36.341: [INFO] MostRecentlyActiveProfile: name=Profile 1 path=C:\Users\karan Chauhan\OneDrive\Desktop\eclipse-workspace\DSA_Programming\.metadata\.plugins\org.eclipse.swt\EBWebView\Default lastActive=2026-09-08T09:16:50.432Z
2026-09-08 10:10:36.341: [INFO] OnDoneLoading sync enabled: 0
2026-09-08 10:10:36.341: [INFO] BookmarkModelLoaded, ids_reassigned: 0
2026-09-08 10:10:36.341: [INFO] BookmarksLoadDropped droppedNodes=0
2026-09-08 10:10:36.341: [INFO] BookmarksSnapshot Startup total=0 bar=0 other=0 mobile=0 showBar=0 showBarNTP=1
2026-09-08 10:26:01.663: [INFO] BookmarksSnapshot Shutdown total=0 bar=0 other=0 mobile=0 showBar=0 showBarNTP=1
2026-09-09 05:14:19.329: [INFO] CurrentProfilePath: C:\Users\karan Chauhan\OneDrive\Desktop\eclipse-workspace\DSA_Programming\.metadata\.plugins\org.eclipse.swt\EBWebView\Default
2026-09-09 05:14:19.329: [INFO] Profiles total count: 1
2026-09-09 05:14:19.329: [INFO] Profile: name=Profile 1 path=C:\Users\karan Chauhan\OneDrive\Desktop\eclipse-workspace\DSA_Programming\.metadata\.plugins\org.eclipse.swt\EBWebView\Default lastActive=2026-09-08T09:16:50.432Z
2026-09-09 05:14:19.329: [INFO] LastUsedProfileDir: C:\Users\karan Chauhan\OneDrive\Desktop\eclipse-workspace\DSA_Programming\.metadata\.plugins\org.eclipse.swt\EBWebView\Default
2026-09-09 05:14:19.329: [INFO] MostRecentlyActiveProfile: name=Profile 1 path=C:\Users\karan Chauhan\OneDrive\Desktop\eclipse-workspace\DSA_Programming\.metadata\.plugins\org.eclipse.swt\EBWebView\Default lastActive=2026-09-08T09:16:50.432Z
2026-09-09 05:14:19.329: [INFO] OnDoneLoading sync enabled: 0
2026-09-09 05:14:19.329: [INFO] BookmarkModelLoaded, ids_reassigned: 0
2026-09-09 05:14:19.329: [INFO] BookmarksLoadDropped droppedNodes=0
2026-09-09 05:14:19.329: [INFO] BookmarksSnapshot Startup total=0 bar=0 other=0 mobile=0 showBar=0 showBarNTP=1
2026-09-09 05:14:48.353: [INFO] BookmarksSnapshot Shutdown total=0 bar=0 other=0 mobile=0 showBar=0 showBarNTP=1
2026-09-09 09:17:45.573: [INFO] CurrentProfilePath: C:\Users\karan Chauhan\OneDrive\Desktop\eclipse-workspace\DSA_Programming\.metadata\.plugins\org.eclipse.swt\EBWebView\Default
2026-09-09 09:17:45.573: [INFO] Profiles total count: 1
2026-09-09 09:17:45.573: [INFO] Profile: name=Profile 1 path=C:\Users\karan Chauhan\OneDrive\Desktop\eclipse-workspace\DSA_Programming\.metadata\.plugins\org.eclipse.swt\EBWebView\Default lastActive=2026-09-08T09:16:50.432Z
2026-09-09 09:17:45.573: [INFO] LastUsedProfileDir: C:\Users\karan Chauhan\OneDrive\Desktop\eclipse-workspace\DSA_Programming\.metadata\.plugins\org.eclipse.swt\EBWebView\Default
2026-09-09 09:17:45.573: [INFO] MostRecentlyActiveProfile: name=Profile 1 path=C:\Users\karan Chauhan\OneDrive\Desktop\eclipse-workspace\DSA_Programming\.metadata\.plugins\org.eclipse.swt\EBWebView\Default lastActive=2026-09-08T09:16:50.432Z
2026-09-09 09:17:45.573: [INFO] OnDoneLoading sync enabled: 0
2026-09-09 09:17:45.573: [INFO] BookmarkModelLoaded, ids_reassigned: 0
2026-09-09 09:17:45.573: [INFO] BookmarksLoadDropped droppedNodes=0
2026-09-09 09:17:45.573: [INFO] BookmarksSnapshot Startup total=0 bar=0 other=0 mobile=0 showBar=0 showBarNTP=1
2026-09-09 10:27:51.980: [INFO] BookmarksSnapshot Shutdown total=0 bar=0 other=0 mobile=0 showBar=0 showBarNTP=1
2026-09-09 10:29:30.347: [INFO] CurrentProfilePath: C:\Users\karan Chauhan\OneDrive\Desktop\eclipse-workspace\DSA_Programming\.metadata\.plugins\org.eclipse.swt\EBWebView\Default
2026-09-09 10:29:30.347: [INFO] Profiles total count: 1
2026-09-09 10:29:30.347: [INFO] Profile: name=Profile 1 path=C:\Users\karan Chauhan\OneDrive\Desktop\eclipse-workspace\DSA_Programming\.metadata\.plugins\org.eclipse.swt\EBWebView\Default lastActive=2026-09-08T09:16:50.432Z
2026-09-09 10:29:30.347: [INFO] LastUsedProfileDir: C:\Users\karan Chauhan\OneDrive\Desktop\eclipse-workspace\DSA_Programming\.metadata\.plugins\org.eclipse.swt\EBWebView\Default
2026-09-09 10:29:30.347: [INFO] MostRecentlyActiveProfile: name=Profile 1 path=C:\Users\karan Chauhan\OneDrive\Desktop\eclipse-workspace\DSA_Programming\.metadata\.plugins\org.eclipse.swt\EBWebView\Default lastActive=2026-09-08T09:16:50.432Z
2026-09-09 10:29:30.347: [INFO] OnDoneLoading sync enabled: 0
2026-09-09 10:29:30.347: [INFO] BookmarkModelLoaded, ids_reassigned: 0
2026-09-09 10:29:30.347: [INFO] BookmarksLoadDropped droppedNodes=0
2026-09-09 10:29:30.347: [INFO] BookmarksSnapshot Startup total=0 bar=0 other=0 mobile=0 showBar=0 showBarNTP=1
2026-09-09 10:37:15.001: [INFO] BookmarksSnapshot Shutdown total=0 bar=0 other=0 mobile=0 showBar=0 showBarNTP=1
2026-09-10 05:18:01.337: [INFO] CurrentProfilePath: C:\Users\karan Chauhan\OneDrive\Desktop\eclipse-workspace\DSA_Programming\.metadata\.plugins\org.eclipse.swt\EBWebView\Default
2026-09-10 05:18:01.337: [INFO] Profiles total count: 1
2026-09-10 05:18:01.337: [INFO] Profile: name=Profile 1 path=C:\Users\karan Chauhan\OneDrive\Desktop\eclipse-workspace\DSA_Programming\.metadata\.plugins\org.eclipse.swt\EBWebView\Default lastActive=2026-09-08T09:16:50.432Z
2026-09-10 05:18:01.337: [INFO] LastUsedProfileDir: C:\Users\karan Chauhan\OneDrive\Desktop\eclipse-workspace\DSA_Programming\.metadata\.plugins\org.eclipse.swt\EBWebView\Default
2026-09-10 05:18:01.337: [INFO] MostRecentlyActiveProfile: name=Profile 1 path=C:\Users\karan Chauhan\OneDrive\Desktop\eclipse-workspace\DSA_Programming\.metadata\.plugins\org.eclipse.swt\EBWebView\Default lastActive=2026-09-08T09:16:50.432Z
2026-09-10 05:18:01.337: [INFO] OnDoneLoading sync enabled: 0
2026-09-10 05:18:01.337: [INFO] BookmarkModelLoaded, ids_reassigned: 0
2026-09-10 05:18:01.337: [INFO] BookmarksLoadDropped droppedNodes=0
2026-09-10 05:18:01.337: [INFO] BookmarksSnapshot Startup total=0 bar=0 other=0 mobile=0 showBar=0 showBarNTP=1
2026-09-10 05:18:25.490: [INFO] BookmarksSnapshot Shutdown total=0 bar=0 other=0 mobile=0 showBar=0 showBarNTP=1
2026-09-10 05:19:41.358: [INFO] CurrentProfilePath: C:\Users\karan Chauhan\OneDrive\Desktop\eclipse-workspace\DSA_Programming\.metadata\.plugins\org.eclipse.swt\EBWebView\Default
2026-09-10 05:19:41.358: [INFO] Profiles total count: 1
2026-09-10 05:19:41.358: [INFO] Profile: name=Profile 1 path=C:\Users\karan Chauhan\OneDrive\Desktop\eclipse-workspace\DSA_Programming\.metadata\.plugins\org.eclipse.swt\EBWebView\Default lastActive=2026-09-08T09:16:50.432Z
2026-09-10 05:19:41.358: [INFO] LastUsedProfileDir: C:\Users\karan Chauhan\OneDrive\Desktop\eclipse-workspace\DSA_Programming\.metadata\.plugins\org.eclipse.swt\EBWebView\Default
2026-09-10 05:19:41.358: [INFO] MostRecentlyActiveProfile: name=Profile 1 path=C:\Users\karan Chauhan\OneDrive\Desktop\eclipse-workspace\DSA_Programming\.metadata\.plugins\org.eclipse.swt\EBWebView\Default lastActive=2026-09-08T09:16:50.432Z
2026-09-10 05:19:41.358: [INFO] OnDoneLoading sync enabled: 0
2026-09-10 05:19:41.358: [INFO] BookmarkModelLoaded, ids_reassigned: 0
2026-09-10 05:19:41.358: [INFO] BookmarksLoadDropped droppedNodes=0
2026-09-10 05:19:41.358: [INFO] BookmarksSnapshot Startup total=0 bar=0 other=0 mobile=0 showBar=0 showBarNTP=1
2026-09-10 05:21:39.867: [INFO] BookmarksSnapshot Shutdown total=0 bar=0 other=0 mobile=0 showBar=0 showBarNTP=1
2026-09-10 05:22:12.927: [INFO] CurrentProfilePath: C:\Users\karan Chauhan\OneDrive\Desktop\eclipse-workspace\DSA_Programming\.metadata\.plugins\org.eclipse.swt\EBWebView\Default
2026-09-10 05:22:12.927: [INFO] Profiles total count: 1
2026-09-10 05:22:12.927: [INFO] Profile: name=Profile 1 path=C:\Users\karan Chauhan\OneDrive\Desktop\eclipse-workspace\DSA_Programming\.metadata\.plugins\org.eclipse.swt\EBWebView\Default lastActive=2026-09-08T09:16:50.432Z
2026-09-10 05:22:12.927: [INFO] LastUsedProfileDir: C:\Users\karan Chauhan\OneDrive\Desktop\eclipse-workspace\DSA_Programming\.metadata\.plugins\org.eclipse.swt\EBWebView\Default
2026-09-10 05:22:12.927: [INFO] MostRecentlyActiveProfile: name=Profile 1 path=C:\Users\karan Chauhan\OneDrive\Desktop\eclipse-workspace\DSA_Programming\.metadata\.plugins\org.eclipse.swt\EBWebView\Default lastActive=2026-09-08T09:16:50.432Z
2026-09-10 05:22:12.927: [INFO] OnDoneLoading sync enabled: 0
2026-09-10 05:22:12.927: [INFO] BookmarkModelLoaded, ids_reassigned: 0
2026-09-10 05:22:12.927: [INFO] BookmarksLoadDropped droppedNodes=0
2026-09-10 05:22:12.927: [INFO] BookmarksSnapshot Startup total=0 bar=0 other=0 mobile=0 showBar=0 showBarNTP=1
2026-09-10 05:32:50.645: [INFO] BookmarksSnapshot Shutdown total=0 bar=0 other=0 mobile=0 showBar=0 showBarNTP=1
2026-09-10 09:29:46.044: [INFO] CurrentProfilePath: C:\Users\karan Chauhan\OneDrive\Desktop\eclipse-workspace\DSA_Programming\.metadata\.plugins\org.eclipse.swt\EBWebView\Default
2026-09-10 09:29:46.044: [INFO] Profiles total count: 1
2026-09-10 09:29:46.044: [INFO] Profile: name=Profile 1 path=C:\Users\karan Chauhan\OneDrive\Desktop\eclipse-workspace\DSA_Programming\.metadata\.plugins\org.eclipse.swt\EBWebView\Default lastActive=2026-09-08T09:16:50.432Z
2026-09-10 09:29:46.044: [INFO] LastUsedProfileDir: C:\Users\karan Chauhan\OneDrive\Desktop\eclipse-workspace\DSA_Programming\.metadata\.plugins\org.eclipse.swt\EBWebView\Default
2026-09-10 09:29:46.044: [INFO] MostRecentlyActiveProfile: name=Profile 1 path=C:\Users\karan Chauhan\OneDrive\Desktop\eclipse-workspace\DSA_Programming\.metadata\.plugins\org.eclipse.swt\EBWebView\Default lastActive=2026-09-08T09:16:50.432Z
2026-09-10 09:29:46.044: [INFO] OnDoneLoading sync enabled: 0
2026-09-10 09:29:46.044: [INFO] BookmarkModelLoaded, ids_reassigned: 0
2026-09-10 09:29:46.044: [INFO] BookmarksLoadDropped droppedNodes=0
2026-09-10 09:29:46.044: [INFO] BookmarksSnapshot Startup total=0 bar=0 other=0 mobile=0 showBar=0 showBarNTP=1
2026-09-10 09:29:48.422: [INFO] BookmarksSnapshot Shutdown total=0 bar=0 other=0 mobile=0 showBar=0 showBarNTP=1
2026-09-10 09:35:12.839: [INFO] CurrentProfilePath: C:\Users\karan Chauhan\OneDrive\Desktop\eclipse-workspace\DSA_Programming\.metadata\.plugins\org.eclipse.swt\EBWebView\Default
2026-09-10 09:35:12.839: [INFO] Profiles total count: 1
2026-09-10 09:35:12.839: [INFO] Profile: name=Profile 1 path=C:\Users\karan Chauhan\OneDrive\Desktop\eclipse-workspace\DSA_Programming\.metadata\.plugins\org.eclipse.swt\EBWebView\Default lastActive=2026-09-08T09:16:50.432Z
2026-09-10 09:35:12.839: [INFO] LastUsedProfileDir: C:\Users\karan Chauhan\OneDrive\Desktop\eclipse-workspace\DSA_Programming\.metadata\.plugins\org.eclipse.swt\EBWebView\Default
2026-09-10 09:35:12.839: [INFO] MostRecentlyActiveProfile: name=Profile 1 path=C:\Users\karan Chauhan\OneDrive\Desktop\eclipse-workspace\DSA_Programming\.metadata\.plugins\org.eclipse.swt\EBWebView\Default lastActive=2026-09-08T09:16:50.432Z
2026-09-10 09:35:12.839: [INFO] OnDoneLoading sync enabled: 0
2026-09-10 09:35:12.839: [INFO] BookmarkModelLoaded, ids_reassigned: 0
2026-09-10 09:35:12.839: [INFO] BookmarksLoadDropped droppedNodes=0
2026-09-10 09:35:12.839: [INFO] BookmarksSnapshot Startup total=0 bar=0 other=0 mobile=0 showBar=0 showBarNTP=1
2026-09-10 09:36:56.356: [INFO] BookmarksSnapshot Shutdown total=0 bar=0 other=0 mobile=0 showBar=0 showBarNTP=1
2026-09-10 10:03:50.854: [INFO] CurrentProfilePath: C:\Users\karan Chauhan\OneDrive\Desktop\eclipse-workspace\DSA_Programming\.metadata\.plugins\org.eclipse.swt\EBWebView\Default
2026-09-10 10:03:50.854: [INFO] Profiles total count: 1
2026-09-10 10:03:50.854: [INFO] Profile: name=Profile 1 path=C:\Users\karan Chauhan\OneDrive\Desktop\eclipse-workspace\DSA_Programming\.metadata\.plugins\org.eclipse.swt\EBWebView\Default lastActive=2026-09-08T09:16:50.432Z
2026-09-10 10:03:50.854: [INFO] LastUsedProfileDir: C:\Users\karan Chauhan\OneDrive\Desktop\eclipse-workspace\DSA_Programming\.metadata\.plugins\org.eclipse.swt\EBWebView\Default
2026-09-10 10:03:50.854: [INFO] MostRecentlyActiveProfile: name=Profile 1 path=C:\Users\karan Chauhan\OneDrive\Desktop\eclipse-workspace\DSA_Programming\.metadata\.plugins\org.eclipse.swt\EBWebView\Default lastActive=2026-09-08T09:16:50.432Z
2026-09-10 10:03:50.854: [INFO] OnDoneLoading sync enabled: 0
2026-09-10 10:03:50.854: [INFO] BookmarkModelLoaded, ids_reassigned: 0
2026-09-10 10:03:50.854: [INFO] BookmarksLoadDropped droppedNodes=0
2026-09-10 10:03:50.854: [INFO] BookmarksSnapshot Startup total=0 bar=0 other=0 mobile=0 showBar=0 showBarNTP=1
2026-09-10 10:04:00.086: [INFO] BookmarksSnapshot Shutdown total=0 bar=0 other=0 mobile=0 showBar=0 showBarNTP=1
2026-09-11 09:52:38.570: [INFO] CurrentProfilePath: C:\Users\karan Chauhan\OneDrive\Desktop\eclipse-workspace\DSA_Programming\.metadata\.plugins\org.eclipse.swt\EBWebView\Default
2026-09-11 09:52:38.570: [INFO] Profiles total count: 1
2026-09-11 09:52:38.570: [INFO] Profile: name=Profile 1 path=C:\Users\karan Chauhan\OneDrive\Desktop\eclipse-workspace\DSA_Programming\.metadata\.plugins\org.eclipse.swt\EBWebView\Default lastActive=2026-09-08T09:16:50.432Z
2026-09-11 09:52:38.570: [INFO] LastUsedProfileDir: C:\Users\karan Chauhan\OneDrive\Desktop\eclipse-workspace\DSA_Programming\.metadata\.plugins\org.eclipse.swt\EBWebView\Default
2026-09-11 09:52:38.570: [INFO] MostRecentlyActiveProfile: name=Profile 1 path=C:\Users\karan Chauhan\OneDrive\Desktop\eclipse-workspace\DSA_Programming\.metadata\.plugins\org.eclipse.swt\EBWebView\Default lastActive=2026-09-08T09:16:50.432Z
2026-09-11 09:52:38.570: [INFO] OnDoneLoading sync enabled: 0
2026-09-11 09:52:38.570: [INFO] BookmarkModelLoaded, ids_reassigned: 0
2026-09-11 09:52:38.570: [INFO] BookmarksLoadDropped droppedNodes=0
2026-09-11 09:52:38.570: [INFO] BookmarksSnapshot Startup total=0 bar=0 other=0 mobile=0 showBar=0 showBarNTP=1
2026-09-11 09:52:38.693: [INFO] BookmarksSnapshot Shutdown total=0 bar=0 other=0 mobile=0 showBar=0 showBarNTP=1
2026-09-11 09:55:05.166: [INFO] CurrentProfilePath: C:\Users\karan Chauhan\OneDrive\Desktop\eclipse-workspace\DSA_Programming\.metadata\.plugins\org.eclipse.swt\EBWebView\Default
2026-09-11 09:55:05.166: [INFO] Profiles total count: 1
2026-09-11 09:55:05.166: [INFO] Profile: name=Profile 1 path=C:\Users\karan Chauhan\OneDrive\Desktop\eclipse-workspace\DSA_Programming\.metadata\.plugins\org.eclipse.swt\EBWebView\Default lastActive=2026-09-08T09:16:50.432Z
2026-09-11 09:55:05.166: [INFO] LastUsedProfileDir: C:\Users\karan Chauhan\OneDrive\Desktop\eclipse-workspace\DSA_Programming\.metadata\.plugins\org.eclipse.swt\EBWebView\Default
2026-09-11 09:55:05.166: [INFO] MostRecentlyActiveProfile: name=Profile 1 path=C:\Users\karan Chauhan\OneDrive\Desktop\eclipse-workspace\DSA_Programming\.metadata\.plugins\org.eclipse.swt\EBWebView\Default lastActive=2026-09-08T09:16:50.432Z
2026-09-11 09:55:05.166: [INFO] OnDoneLoading sync enabled: 0
2026-09-11 09:55:05.166: [INFO] BookmarkModelLoaded, ids_reassigned: 0
2026-09-11 09:55:05.166: [INFO] BookmarksLoadDropped droppedNodes=0
2026-09-11 09:55:05.166: [INFO] BookmarksSnapshot Startup total=0 bar=0 other=0 mobile=0 showBar=0 showBarNTP=1
2026-09-11 11:39:50.548: [INFO] BookmarksSnapshot Shutdown total=0 bar=0 other=0 mobile=0 showBar=0 showBarNTP=1
2026-09-15 08:54:35.847: [INFO] CurrentProfilePath: C:\Users\karan Chauhan\OneDrive\Desktop\eclipse-workspace\DSA_Programming\.metadata\.plugins\org.eclipse.swt\EBWebView\Default
2026-09-15 08:54:35.847: [INFO] Profiles total count: 1
2026-09-15 08:54:35.847: [INFO] Profile: name=Profile 1 path=C:\Users\karan Chauhan\OneDrive\Desktop\eclipse-workspace\DSA_Programming\.metadata\.plugins\org.eclipse.swt\EBWebView\Default lastActive=2026-09-08T09:16:50.432Z
2026-09-15 08:54:35.847: [INFO] LastUsedProfileDir: C:\Users\karan Chauhan\OneDrive\Desktop\eclipse-workspace\DSA_Programming\.metadata\.plugins\org.eclipse.swt\EBWebView\Default
2026-09-15 08:54:35.847: [INFO] MostRecentlyActiveProfile: name=Profile 1 path=C:\Users\karan Chauhan\OneDrive\Desktop\eclipse-workspace\DSA_Programming\.metadata\.plugins\org.eclipse.swt\EBWebView\Default lastActive=2026-09-08T09:16:50.432Z
2026-09-15 08:54:35.847: [INFO] OnDoneLoading sync enabled: 0
2026-09-15 08:54:35.847: [INFO] BookmarkModelLoaded, ids_reassigned: 0
2026-09-15 08:54:35.847: [INFO] BookmarksLoadDropped droppedNodes=0
2026-09-15 08:54:35.847: [INFO] BookmarksSnapshot Startup total=0 bar=0 other=0 mobile=0 showBar=0 showBarNTP=1
2026-09-15 09:52:42.037: [INFO] BookmarksSnapshot Shutdown total=0 bar=0 other=0 mobile=0 showBar=0 showBarNTP=1
2026-09-15 09:54:35.932: [INFO] CurrentProfilePath: C:\Users\karan Chauhan\OneDrive\Desktop\eclipse-workspace\DSA_Programming\.metadata\.plugins\org.eclipse.swt\EBWebView\Default
2026-09-15 09:54:35.932: [INFO] Profiles total count: 1
2026-09-15 09:54:35.932: [INFO] Profile: name=Profile 1 path=C:\Users\karan Chauhan\OneDrive\Desktop\eclipse-workspace\DSA_Programming\.metadata\.plugins\org.eclipse.swt\EBWebView\Default lastActive=2026-09-08T09:16:50.432Z
2026-09-15 09:54:35.932: [INFO] LastUsedProfileDir: C:\Users\karan Chauhan\OneDrive\Desktop\eclipse-workspace\DSA_Programming\.metadata\.plugins\org.eclipse.swt\EBWebView\Default
2026-09-15 09:54:35.932: [INFO] MostRecentlyActiveProfile: name=Profile 1 path=C:\Users\karan Chauhan\OneDrive\Desktop\eclipse-workspace\DSA_Programming\.metadata\.plugins\org.eclipse.swt\EBWebView\Default lastActive=2026-09-08T09:16:50.432Z
2026-09-15 09:54:35.932: [INFO] OnDoneLoading sync enabled: 0
2026-09-15 09:54:35.932: [INFO] BookmarkModelLoaded, ids_reassigned: 0
2026-09-15 09:54:35.932: [INFO] BookmarksLoadDropped droppedNodes=0
2026-09-15 09:54:35.932: [INFO] BookmarksSnapshot Startup total=0 bar=0 other=0 mobile=0 showBar=0 showBarNTP=1
2026-09-15 10:26:27.399: [INFO] BookmarksSnapshot Shutdown total=0 bar=0 other=0 mobile=0 showBar=0 showBarNTP=1
2026-09-16 09:52:40.679: [INFO] CurrentProfilePath: C:\Users\karan Chauhan\OneDrive\Desktop\eclipse-workspace\DSA_Programming\.metadata\.plugins\org.eclipse.swt\EBWebView\Default
2026-09-16 09:52:40.679: [INFO] Profiles total count: 1
2026-09-16 09:52:40.679: [INFO] Profile: name=Profile 1 path=C:\Users\karan Chauhan\OneDrive\Desktop\eclipse-workspace\DSA_Programming\.metadata\.plugins\org.eclipse.swt\EBWebView\Default lastActive=2026-09-08T09:16:50.432Z
2026-09-16 09:52:40.679: [INFO] LastUsedProfileDir: C:\Users\karan Chauhan\OneDrive\Desktop\eclipse-workspace\DSA_Programming\.metadata\.plugins\org.eclipse.swt\EBWebView\Default
2026-09-16 09:52:40.679: [INFO] MostRecentlyActiveProfile: name=Profile 1 path=C:\Users\karan Chauhan\OneDrive\Desktop\eclipse-workspace\DSA_Programming\.metadata\.plugins\org.eclipse.swt\EBWebView\Default lastActive=2026-09-08T09:16:50.432Z
2026-09-16 09:52:40.679: [INFO] OnDoneLoading sync enabled: 0
2026-09-16 09:52:40.679: [INFO] BookmarkModelLoaded, ids_reassigned: 0
2026-09-16 09:52:40.679: [INFO] BookmarksLoadDropped droppedNodes=0
2026-09-16 09:52:40.679: [INFO] BookmarksSnapshot Startup total=0 bar=0 other=0 mobile=0 showBar=0 showBarNTP=1
2026-09-16 09:58:38.911: [INFO] CurrentProfilePath: C:\Users\karan Chauhan\OneDrive\Desktop\eclipse-workspace\DSA_Programming\.metadata\.plugins\org.eclipse.swt\EBWebView\Default
2026-09-16 09:58:38.911: [INFO] Profiles total count: 1
2026-09-16 09:58:38.911: [INFO] Profile: name=Profile 1 path=C:\Users\karan Chauhan\OneDrive\Desktop\eclipse-workspace\DSA_Programming\.metadata\.plugins\org.eclipse.swt\EBWebView\Default lastActive=2026-09-08T09:16:50.432Z
2026-09-16 09:58:38.911: [INFO] LastUsedProfileDir: C:\Users\karan Chauhan\OneDrive\Desktop\eclipse-workspace\DSA_Programming\.metadata\.plugins\org.eclipse.swt\EBWebView\Default
2026-09-16 09:58:38.911: [INFO] MostRecentlyActiveProfile: name=Profile 1 path=C:\Users\karan Chauhan\OneDrive\Desktop\eclipse-workspace\DSA_Programming\.metadata\.plugins\org.eclipse.swt\EBWebView\Default lastActive=2026-09-08T09:16:50.432Z
2026-09-16 09:58:38.911: [INFO] OnDoneLoading sync enabled: 0
2026-09-16 09:58:38.911: [INFO] BookmarkModelLoaded, ids_reassigned: 0
2026-09-16 09:58:38.911: [INFO] BookmarksLoadDropped droppedNodes=0
2026-09-16 09:58:38.911: [INFO] BookmarksSnapshot Startup total=0 bar=0 other=0 mobile=0 showBar=0 showBarNTP=1
2026-09-16 11:14:56.294: [INFO] BookmarksSnapshot Shutdown total=0 bar=0 other=0 mobile=0 showBar=0 showBarNTP=1
2026-09-17 07:24:29.621: [INFO] CurrentProfilePath: C:\Users\karan Chauhan\OneDrive\Desktop\eclipse-workspace\DSA_Programming\.metadata\.plugins\org.eclipse.swt\EBWebView\Default
2026-09-17 07:24:29.621: [INFO] Profiles total count: 1
2026-09-17 07:24:29.621: [INFO] Profile: name=Profile 1 path=C:\Users\karan Chauhan\OneDrive\Desktop\eclipse-workspace\DSA_Programming\.metadata\.plugins\org.eclipse.swt\EBWebView\Default lastActive=2026-09-08T09:16:50.432Z
2026-09-17 07:24:29.621: [INFO] LastUsedProfileDir: C:\Users\karan Chauhan\OneDrive\Desktop\eclipse-workspace\DSA_Programming\.metadata\.plugins\org.eclipse.swt\EBWebView\Default
2026-09-17 07:24:29.621: [INFO] MostRecentlyActiveProfile: name=Profile 1 path=C:\Users\karan Chauhan\OneDrive\Desktop\eclipse-workspace\DSA_Programming\.metadata\.plugins\org.eclipse.swt\EBWebView\Default lastActive=2026-09-08T09:16:50.432Z
2026-09-17 07:24:29.621: [INFO] OnDoneLoading sync enabled: 0
2026-09-17 07:24:29.621: [INFO] BookmarkModelLoaded, ids_reassigned: 0
2026-09-17 07:24:29.621: [INFO] BookmarksLoadDropped droppedNodes=0
2026-09-17 07:24:29.621: [INFO] BookmarksSnapshot Startup total=0 bar=0 other=0 mobile=0 showBar=0 showBarNTP=1
2026-09-17 07:35:11.643: [INFO] BookmarksSnapshot Shutdown total=0 bar=0 other=0 mobile=0 showBar=0 showBarNTP=1
2026-09-17 09:02:14.769: [INFO] CurrentProfilePath: C:\Users\karan Chauhan\OneDrive\Desktop\eclipse-workspace\DSA_Programming\.metadata\.plugins\org.eclipse.swt\EBWebView\Default
2026-09-17 09:02:14.769: [INFO] Profiles total count: 1
2026-09-17 09:02:14.769: [INFO] Profile: name=Profile 1 path=C:\Users\karan Chauhan\OneDrive\Desktop\eclipse-workspace\DSA_Programming\.metadata\.plugins\org.eclipse.swt\EBWebView\Default lastActive=2026-09-08T09:16:50.432Z
2026-09-17 09:02:14.769: [INFO] LastUsedProfileDir: C:\Users\karan Chauhan\OneDrive\Desktop\eclipse-workspace\DSA_Programming\.metadata\.plugins\org.eclipse.swt\EBWebView\Default
2026-09-17 09:02:14.769: [INFO] MostRecentlyActiveProfile: name=Profile 1 path=C:\Users\karan Chauhan\OneDrive\Desktop\eclipse-workspace\DSA_Programming\.metadata\.plugins\org.eclipse.swt\EBWebView\Default lastActive=2026-09-08T09:16:50.432Z
2026-09-17 09:02:14.769: [INFO] OnDoneLoading sync enabled: 0
2026-09-17 09:02:14.769: [INFO] BookmarkModelLoaded, ids_reassigned: 0
2026-09-17 09:02:14.769: [INFO] BookmarksLoadDropped droppedNodes=0
2026-09-17 09:02:14.769: [INFO] BookmarksSnapshot Startup total=0 bar=0 other=0 mobile=0 showBar=0 showBarNTP=1
2026-09-17 09:02:15.995: [INFO] BookmarksSnapshot Shutdown total=0 bar=0 other=0 mobile=0 showBar=0 showBarNTP=1
2026-09-17 09:17:04.519: [INFO] CurrentProfilePath: C:\Users\karan Chauhan\OneDrive\Desktop\eclipse-workspace\DSA_Programming\.metadata\.plugins\org.eclipse.swt\EBWebView\Default
2026-09-17 09:17:04.519: [INFO] Profiles total count: 1
2026-09-17 09:17:04.519: [INFO] Profile: name=Profile 1 path=C:\Users\karan Chauhan\OneDrive\Desktop\eclipse-workspace\DSA_Programming\.metadata\.plugins\org.eclipse.swt\EBWebView\Default lastActive=2026-09-08T09:16:50.432Z
2026-09-17 09:17:04.519: [INFO] LastUsedProfileDir: C:\Users\karan Chauhan\OneDrive\Desktop\eclipse-workspace\DSA_Programming\.metadata\.plugins\org.eclipse.swt\EBWebView\Default
2026-09-17 09:17:04.519: [INFO] MostRecentlyActiveProfile: name=Profile 1 path=C:\Users\karan Chauhan\OneDrive\Desktop\eclipse-workspace\DSA_Programming\.metadata\.plugins\org.eclipse.swt\EBWebView\Default lastActive=2026-09-08T09:16:50.432Z
2026-09-17 09:17:04.519: [INFO] OnDoneLoading sync enabled: 0
2026-09-17 09:17:04.519: [INFO] BookmarkModelLoaded, ids_reassigned: 0
2026-09-17 09:17:04.519: [INFO] BookmarksLoadDropped droppedNodes=0
2026-09-17 09:17:04.519: [INFO] BookmarksSnapshot Startup total=0 bar=0 other=0 mobile=0 showBar=0 showBarNTP=1
2026-09-17 09:17:07.155: [INFO] BookmarksSnapshot Shutdown total=0 bar=0 other=0 mobile=0 showBar=0 showBarNTP=1
2026-09-17 09:17:37.946: [INFO] CurrentProfilePath: C:\Users\karan Chauhan\OneDrive\Desktop\eclipse-workspace\DSA_Programming\.metadata\.plugins\org.eclipse.swt\EBWebView\Default
2026-09-17 09:17:37.946: [INFO] Profiles total count: 1
2026-09-17 09:17:37.946: [INFO] Profile: name=Profile 1 path=C:\Users\karan Chauhan\OneDrive\Desktop\eclipse-workspace\DSA_Programming\.metadata\.plugins\org.eclipse.swt\EBWebView\Default lastActive=2026-09-08T09:16:50.432Z
2026-09-17 09:17:37.946: [INFO] LastUsedProfileDir: C:\Users\karan Chauhan\OneDrive\Desktop\eclipse-workspace\DSA_Programming\.metadata\.plugins\org.eclipse.swt\EBWebView\Default
2026-09-17 09:17:37.946: [INFO] MostRecentlyActiveProfile: name=Profile 1 path=C:\Users\karan Chauhan\OneDrive\Desktop\eclipse-workspace\DSA_Programming\.metadata\.plugins\org.eclipse.swt\EBWebView\Default lastActive=2026-09-08T09:16:50.432Z
2026-09-17 09:17:37.946: [INFO] OnDoneLoading sync enabled: 0
2026-09-17 09:17:37.946: [INFO] BookmarkModelLoaded, ids_reassigned: 0
2026-09-17 09:17:37.946: [INFO] BookmarksLoadDropped droppedNodes=0
2026-09-17 09:17:37.946: [INFO] BookmarksSnapshot Startup total=0 bar=0 other=0 mobile=0 showBar=0 showBarNTP=1
2026-09-17 09:17:40.106: [INFO] BookmarksSnapshot Shutdown total=0 bar=0 other=0 mobile=0 showBar=0 showBarNTP=1
2026-09-17 09:19:29.586: [INFO] CurrentProfilePath: C:\Users\karan Chauhan\OneDrive\Desktop\eclipse-workspace\DSA_Programming\.metadata\.plugins\org.eclipse.swt\EBWebView\Default
2026-09-17 09:19:29.586: [INFO] Profiles total count: 1
2026-09-17 09:19:29.586: [INFO] Profile: name=Profile 1 path=C:\Users\karan Chauhan\OneDrive\Desktop\eclipse-workspace\DSA_Programming\.metadata\.plugins\org.eclipse.swt\EBWebView\Default lastActive=2026-09-08T09:16:50.432Z
2026-09-17 09:19:29.586: [INFO] LastUsedProfileDir: C:\Users\karan Chauhan\OneDrive\Desktop\eclipse-workspace\DSA_Programming\.metadata\.plugins\org.eclipse.swt\EBWebView\Default
2026-09-17 09:19:29.586: [INFO] MostRecentlyActiveProfile: name=Profile 1 path=C:\Users\karan Chauhan\OneDrive\Desktop\eclipse-workspace\DSA_Programming\.metadata\.plugins\org.eclipse.swt\EBWebView\Default lastActive=2026-09-08T09:16:50.432Z
2026-09-17 09:19:29.586: [INFO] OnDoneLoading sync enabled: 0
2026-09-17 09:19:29.586: [INFO] BookmarkModelLoaded, ids_reassigned: 0
2026-09-17 09:19:29.586: [INFO] BookmarksLoadDropped droppedNodes=0
2026-09-17 09:19:29.586: [INFO] BookmarksSnapshot Startup total=0 bar=0 other=0 mobile=0 showBar=0 showBarNTP=1
2026-09-17 09:19:36.620: [INFO] BookmarksSnapshot Shutdown total=0 bar=0 other=0 mobile=0 showBar=0 showBarNTP=1
2026-09-17 09:20:03.324: [INFO] CurrentProfilePath: C:\Users\karan Chauhan\OneDrive\Desktop\eclipse-workspace\DSA_Programming\.metadata\.plugins\org.eclipse.swt\EBWebView\Default
2026-09-17 09:20:03.324: [INFO] Profiles total count: 1
2026-09-17 09:20:03.324: [INFO] Profile: name=Profile 1 path=C:\Users\karan Chauhan\OneDrive\Desktop\eclipse-workspace\DSA_Programming\.metadata\.plugins\org.eclipse.swt\EBWebView\Default lastActive=2026-09-08T09:16:50.432Z
2026-09-17 09:20:03.324: [INFO] LastUsedProfileDir: C:\Users\karan Chauhan\OneDrive\Desktop\eclipse-workspace\DSA_Programming\.metadata\.plugins\org.eclipse.swt\EBWebView\Default
2026-09-17 09:20:03.324: [INFO] MostRecentlyActiveProfile: name=Profile 1 path=C:\Users\karan Chauhan\OneDrive\Desktop\eclipse-workspace\DSA_Programming\.metadata\.plugins\org.eclipse.swt\EBWebView\Default lastActive=2026-09-08T09:16:50.432Z
2026-09-17 09:20:03.324: [INFO] OnDoneLoading sync enabled: 0
2026-09-17 09:20:03.324: [INFO] BookmarkModelLoaded, ids_reassigned: 0
2026-09-17 09:20:03.324: [INFO] BookmarksLoadDropped droppedNodes=0
2026-09-17 09:20:03.324: [INFO] BookmarksSnapshot Startup total=0 bar=0 other=0 mobile=0 showBar=0 showBarNTP=1
2026-09-17 09:20:09.082: [INFO] BookmarksSnapshot Shutdown total=0 bar=0 other=0 mobile=0 showBar=0 showBarNTP=1
2026-09-17 09:21:22.639: [INFO] CurrentProfilePath: C:\Users\karan Chauhan\OneDrive\Desktop\eclipse-workspace\DSA_Programming\.metadata\.plugins\org.eclipse.swt\EBWebView\Default
2026-09-17 09:21:22.639: [INFO] Profiles total count: 1
2026-09-17 09:21:22.639: [INFO] Profile: name=Profile 1 path=C:\Users\karan Chauhan\OneDrive\Desktop\eclipse-workspace\DSA_Programming\.metadata\.plugins\org.eclipse.swt\EBWebView\Default lastActive=2026-09-08T09:16:50.432Z
2026-09-17 09:21:22.639: [INFO] LastUsedProfileDir: C:\Users\karan Chauhan\OneDrive\Desktop\eclipse-workspace\DSA_Programming\.metadata\.plugins\org.eclipse.swt\EBWebView\Default
2026-09-17 09:21:22.639: [INFO] MostRecentlyActiveProfile: name=Profile 1 path=C:\Users\karan Chauhan\OneDrive\Desktop\eclipse-workspace\DSA_Programming\.metadata\.plugins\org.eclipse.swt\EBWebView\Default lastActive=2026-09-08T09:16:50.432Z
2026-09-17 09:21:22.639: [INFO] OnDoneLoading sync enabled: 0
2026-09-17 09:21:22.639: [INFO] BookmarkModelLoaded, ids_reassigned: 0
2026-09-17 09:21:22.639: [INFO] BookmarksLoadDropped droppedNodes=0
2026-09-17 09:21:22.639: [INFO] BookmarksSnapshot Startup total=0 bar=0 other=0 mobile=0 showBar=0 showBarNTP=1
2026-09-17 09:21:48.057: [INFO] BookmarksSnapshot Shutdown total=0 bar=0 other=0 mobile=0 showBar=0 showBarNTP=1
2026-09-17 09:24:38.264: [INFO] CurrentProfilePath: C:\Users\karan Chauhan\OneDrive\Desktop\eclipse-workspace\DSA_Programming\.metadata\.plugins\org.eclipse.swt\EBWebView\Default
2026-09-17 09:24:38.264: [INFO] Profiles total count: 1
2026-09-17 09:24:38.265: [INFO] Profile: name=Profile 1 path=C:\Users\karan Chauhan\OneDrive\Desktop\eclipse-workspace\DSA_Programming\.metadata\.plugins\org.eclipse.swt\EBWebView\Default lastActive=2026-09-08T09:16:50.432Z
2026-09-17 09:24:38.265: [INFO] LastUsedProfileDir: C:\Users\karan Chauhan\OneDrive\Desktop\eclipse-workspace\DSA_Programming\.metadata\.plugins\org.eclipse.swt\EBWebView\Default
2026-09-17 09:24:38.265: [INFO] MostRecentlyActiveProfile: name=Profile 1 path=C:\Users\karan Chauhan\OneDrive\Desktop\eclipse-workspace\DSA_Programming\.metadata\.plugins\org.eclipse.swt\EBWebView\Default lastActive=2026-09-08T09:16:50.432Z
2026-09-17 09:24:38.265: [INFO] OnDoneLoading sync enabled: 0
2026-09-17 09:24:38.265: [INFO] BookmarkModelLoaded, ids_reassigned: 0
2026-09-17 09:24:38.265: [INFO] BookmarksLoadDropped droppedNodes=0
2026-09-17 09:24:38.265: [INFO] BookmarksSnapshot Startup total=0 bar=0 other=0 mobile=0 showBar=0 showBarNTP=1
2026-09-17 11:52:50.078: [INFO] BookmarksSnapshot Shutdown total=0 bar=0 other=0 mobile=0 showBar=0 showBarNTP=1
2026-09-18 08:59:39.611: [INFO] CurrentProfilePath: C:\Users\karan Chauhan\OneDrive\Desktop\eclipse-workspace\DSA_Programming\.metadata\.plugins\org.eclipse.swt\EBWebView\Default
2026-09-18 08:59:39.611: [INFO] Profiles total count: 1
2026-09-18 08:59:39.611: [INFO] Profile: name=Profile 1 path=C:\Users\karan Chauhan\OneDrive\Desktop\eclipse-workspace\DSA_Programming\.metadata\.plugins\org.eclipse.swt\EBWebView\Default lastActive=2026-09-08T09:16:50.432Z
2026-09-18 08:59:39.611: [INFO] LastUsedProfileDir: C:\Users\karan Chauhan\OneDrive\Desktop\eclipse-workspace\DSA_Programming\.metadata\.plugins\org.eclipse.swt\EBWebView\Default
2026-09-18 08:59:39.611: [INFO] MostRecentlyActiveProfile: name=Profile 1 path=C:\Users\karan Chauhan\OneDrive\Desktop\eclipse-workspace\DSA_Programming\.metadata\.plugins\org.eclipse.swt\EBWebView\Default lastActive=2026-09-08T09:16:50.432Z
2026-09-18 08:59:39.611: [INFO] OnDoneLoading sync enabled: 0
2026-09-18 08:59:39.611: [INFO] BookmarkModelLoaded, ids_reassigned: 0
2026-09-18 08:59:39.611: [INFO] BookmarksLoadDropped droppedNodes=0
2026-09-18 08:59:39.611: [INFO] BookmarksSnapshot Startup total=0 bar=0 other=0 mobile=0 showBar=0 showBarNTP=1
2026-09-18 09:00:57.426: [INFO] BookmarksSnapshot Shutdown total=0 bar=0 other=0 mobile=0 showBar=0 showBarNTP=1
2026-09-18 09:17:03.165: [INFO] CurrentProfilePath: C:\Users\karan Chauhan\OneDrive\Desktop\eclipse-workspace\DSA_Programming\.metadata\.plugins\org.eclipse.swt\EBWebView\Default
2026-09-18 09:17:03.165: [INFO] Profiles total count: 1
2026-09-18 09:17:03.165: [INFO] Profile: name=Profile 1 path=C:\Users\karan Chauhan\OneDrive\Desktop\eclipse-workspace\DSA_Programming\.metadata\.plugins\org.eclipse.swt\EBWebView\Default lastActive=2026-09-08T09:16:50.432Z
2026-09-18 09:17:03.165: [INFO] LastUsedProfileDir: C:\Users\karan Chauhan\OneDrive\Desktop\eclipse-workspace\DSA_Programming\.metadata\.plugins\org.eclipse.swt\EBWebView\Default
2026-09-18 09:17:03.165: [INFO] MostRecentlyActiveProfile: name=Profile 1 path=C:\Users\karan Chauhan\OneDrive\Desktop\eclipse-workspace\DSA_Programming\.metadata\.plugins\org.eclipse.swt\EBWebView\Default lastActive=2026-09-08T09:16:50.432Z
2026-09-18 09:17:03.165: [INFO] OnDoneLoading sync enabled: 0
2026-09-18 09:17:03.165: [INFO] BookmarkModelLoaded, ids_reassigned: 0
2026-09-18 09:17:03.165: [INFO] BookmarksLoadDropped droppedNodes=0
2026-09-18 09:17:03.165: [INFO] BookmarksSnapshot Startup total=0 bar=0 other=0 mobile=0 showBar=0 showBarNTP=1
2026-09-18 09:17:14.567: [INFO] BookmarksSnapshot Shutdown total=0 bar=0 other=0 mobile=0 showBar=0 showBarNTP=1
2026-09-18 09:17:49.880: [INFO] CurrentProfilePath: C:\Users\karan Chauhan\OneDrive\Desktop\eclipse-workspace\DSA_Programming\.metadata\.plugins\org.eclipse.swt\EBWebView\Default
2026-09-18 09:17:49.880: [INFO] Profiles total count: 1
2026-09-18 09:17:49.880: [INFO] Profile: name=Profile 1 path=C:\Users\karan Chauhan\OneDrive\Desktop\eclipse-workspace\DSA_Programming\.metadata\.plugins\org.eclipse.swt\EBWebView\Default lastActive=2026-09-08T09:16:50.432Z
2026-09-18 09:17:49.880: [INFO] LastUsedProfileDir: C:\Users\karan Chauhan\OneDrive\Desktop\eclipse-workspace\DSA_Programming\.metadata\.plugins\org.eclipse.swt\EBWebView\Default
2026-09-18 09:17:49.880: [INFO] MostRecentlyActiveProfile: name=Profile 1 path=C:\Users\karan Chauhan\OneDrive\Desktop\eclipse-workspace\DSA_Programming\.metadata\.plugins\org.eclipse.swt\EBWebView\Default lastActive=2026-09-08T09:16:50.432Z
2026-09-18 09:17:49.880: [INFO] OnDoneLoading sync enabled: 0
2026-09-18 09:17:49.880: [INFO] BookmarkModelLoaded, ids_reassigned: 0
2026-09-18 09:17:49.880: [INFO] BookmarksLoadDropped droppedNodes=0
2026-09-18 09:17:49.880: [INFO] BookmarksSnapshot Startup total=0 bar=0 other=0 mobile=0 showBar=0 showBarNTP=1
2026-09-18 11:08:41.309: [INFO] BookmarksSnapshot Shutdown total=0 bar=0 other=0 mobile=0 showBar=0 showBarNTP=1
